2026-05-18 13:20:36,600 [Worker-6: Loading available Gradle versions] INFO  o.e.b.c.i.u.g.PublishedGradleVersions - Gradle version information cache is up-to-date. Trying to read.
2026-05-18 13:22:06,701 [Worker-8: Import Getting Started Content] INFO  o.e.m.c.i.l.LifecycleMappingFactory - Using org.eclipse.m2e.jdt.JarLifecycleMapping lifecycle mapping for MavenProject: com.ops-app:ops-app:0.0.1-SNAPSHOT @ C:\CE\99.practice\argocd-lab\gitops-app\ops-app\pom.xml.
2026-05-18 13:22:07,795 [Worker-8: Import Getting Started Content] INFO  o.e.m.j.i.AbstractJavaProjectConfigurator - Adding source folder /ops-app/src/main/java
2026-05-18 13:22:07,797 [Worker-8: Import Getting Started Content] INFO  o.e.m.j.i.AbstractJavaProjectConfigurator - Adding resource folder /ops-app/src/main/resources
2026-05-18 13:22:07,802 [Worker-8: Import Getting Started Content] INFO  o.e.m.j.i.AbstractJavaProjectConfigurator - Adding resource folder /ops-app/src/main/resources
2026-05-18 13:22:07,807 [Worker-8: Import Getting Started Content] INFO  o.e.m.j.i.AbstractJavaProjectConfigurator - Adding source folder /ops-app/src/test/java
2026-05-18 13:22:07,808 [Worker-8: Import Getting Started Content] INFO  o.e.m.j.i.AbstractJavaProjectConfigurator - Adding resource folder /ops-app/src/test/resources
2026-05-18 13:22:08,336 [Worker-8: Import Getting Started Content] INFO  o.e.m.c.i.p.ProjectConfigurationManager - Imported and configured 1 project(s) in 2 sec
2026-05-18 13:22:08,338 [Worker-8: Import Getting Started Content] INFO  o.e.m.c.i.p.ProjectConfigurationManager - Update started
2026-05-18 13:22:08,682 [Worker-8: Import Getting Started Content] INFO  o.e.m.c.i.l.LifecycleMappingFactory - Using org.eclipse.m2e.jdt.JarLifecycleMapping lifecycle mapping for MavenProject: com.ops-app:ops-app:0.0.1-SNAPSHOT @ C:\CE\99.practice\argocd-lab\gitops-app\ops-app\pom.xml.
2026-05-18 13:22:09,248 [Worker-8: Import Getting Started Content] INFO  o.e.m.j.i.AbstractJavaProjectConfigurator - Adding source folder /ops-app/src/main/java
2026-05-18 13:22:09,250 [Worker-8: Import Getting Started Content] INFO  o.e.m.j.i.AbstractJavaProjectConfigurator - Adding resource folder /ops-app/src/main/resources
2026-05-18 13:22:09,251 [Worker-8: Import Getting Started Content] INFO  o.e.m.j.i.AbstractJavaProjectConfigurator - Adding resource folder /ops-app/src/main/resources
2026-05-18 13:22:09,252 [Worker-8: Import Getting Started Content] INFO  o.e.m.j.i.AbstractJavaProjectConfigurator - Adding source folder /ops-app/src/test/java
2026-05-18 13:22:09,253 [Worker-8: Import Getting Started Content] INFO  o.e.m.j.i.AbstractJavaProjectConfigurator - Adding resource folder /ops-app/src/test/resources
2026-05-18 13:22:09,955 [Worker-8: Import Getting Started Content] INFO  o.e.m.c.i.p.ProjectConfigurationManager - Update completed for 1 poms: local refresh takes 0.00 sec, refresh facades takes 0.00 sec, update config takes 0.00 sec 
2026-05-18 13:22:11,225 [Worker-9: Building] INFO  o.a.m.s.f.DefaultMavenResourcesFiltering - Copying 1 resource from src\main\resources to target\classes
2026-05-18 13:22:11,239 [Worker-9: Building] INFO  o.a.m.s.f.DefaultMavenResourcesFiltering - Copying 0 resource from src\main\resources to target\classes
2026-05-18 13:22:11,246 [Worker-9: Building] INFO  o.a.m.s.f.DefaultMavenResourcesFiltering - skip non existing resourceDirectory C:\CE\99.practice\argocd-lab\gitops-app\ops-app\src\test\resources
2026-05-18 13:23:45,120 [Worker-7: Building] INFO  o.a.m.s.f.DefaultMavenResourcesFiltering - Copying 1 resource from src\main\resources to target\classes
2026-05-18 13:23:45,127 [Worker-7: Building] INFO  o.a.m.s.f.DefaultMavenResourcesFiltering - Copying 0 resource from src\main\resources to target\classes
2026-05-18 13:23:45,131 [Worker-7: Building] INFO  o.a.m.s.f.DefaultMavenResourcesFiltering - skip non existing resourceDirectory C:\CE\99.practice\argocd-lab\gitops-app\ops-app\src\test\resources
2026-05-18 13:24:55,224 [Worker-0: Building] INFO  o.a.m.s.f.DefaultMavenResourcesFiltering - Copying 1 resource from src\main\resources to target\classes
2026-05-18 13:24:55,228 [Worker-0: Building] INFO  o.a.m.s.f.DefaultMavenResourcesFiltering - Copying 0 resource from src\main\resources to target\classes
2026-05-18 13:24:55,231 [Worker-0: Building] INFO  o.a.m.s.f.DefaultMavenResourcesFiltering - skip non existing resourceDirectory C:\CE\99.practice\argocd-lab\gitops-app\ops-app\src\test\resources
2026-05-18 13:29:33,355 [Worker-16: Building] INFO  o.a.m.s.f.DefaultMavenResourcesFiltering - Copying 1 resource from src\main\resources to target\classes
2026-05-18 13:29:33,360 [Worker-16: Building] INFO  o.a.m.s.f.DefaultMavenResourcesFiltering - Copying 0 resource from src\main\resources to target\classes
2026-05-18 13:29:33,363 [Worker-16: Building] INFO  o.a.m.s.f.DefaultMavenResourcesFiltering - skip non existing resourceDirectory C:\CE\99.practice\argocd-lab\gitops-app\ops-app\src\test\resources
2026-05-18 13:30:47,592 [Worker-2: Building] INFO  o.a.m.s.f.DefaultMavenResourcesFiltering - Copying 1 resource from src\main\resources to target\classes
2026-05-18 13:30:47,596 [Worker-2: Building] INFO  o.a.m.s.f.DefaultMavenResourcesFiltering - Copying 0 resource from src\main\resources to target\classes
2026-05-18 13:30:47,599 [Worker-2: Building] INFO  o.a.m.s.f.DefaultMavenResourcesFiltering - skip non existing resourceDirectory C:\CE\99.practice\argocd-lab\gitops-app\ops-app\src\test\resources
2026-05-18 13:30:53,904 [Worker-15: Building] INFO  o.a.m.s.f.DefaultMavenResourcesFiltering - Copying 1 resource from src\main\resources to target\classes
2026-05-18 13:30:53,909 [Worker-15: Building] INFO  o.a.m.s.f.DefaultMavenResourcesFiltering - Copying 0 resource from src\main\resources to target\classes
2026-05-18 13:30:53,912 [Worker-15: Building] INFO  o.a.m.s.f.DefaultMavenResourcesFiltering - skip non existing resourceDirectory C:\CE\99.practice\argocd-lab\gitops-app\ops-app\src\test\resources
2026-05-18 13:32:13,094 [Worker-17: Building] INFO  o.a.m.s.f.DefaultMavenResourcesFiltering - Copying 1 resource from src\main\resources to target\classes
2026-05-18 13:32:13,101 [Worker-17: Building] INFO  o.a.m.s.f.DefaultMavenResourcesFiltering - Copying 0 resource from src\main\resources to target\classes
2026-05-18 13:32:13,105 [Worker-17: Building] INFO  o.a.m.s.f.DefaultMavenResourcesFiltering - skip non existing resourceDirectory C:\CE\99.practice\argocd-lab\gitops-app\ops-app\src\test\resources
2026-05-18 13:32:22,856 [Worker-17: Building] INFO  o.a.m.s.f.DefaultMavenResourcesFiltering - Copying 1 resource from src\main\resources to target\classes
2026-05-18 13:32:22,859 [Worker-17: Building] INFO  o.a.m.s.f.DefaultMavenResourcesFiltering - Copying 0 resource from src\main\resources to target\classes
2026-05-18 13:32:22,862 [Worker-17: Building] INFO  o.a.m.s.f.DefaultMavenResourcesFiltering - skip non existing resourceDirectory C:\CE\99.practice\argocd-lab\gitops-app\ops-app\src\test\resources
2026-05-18 14:24:00,164 [Worker-24: Building] INFO  o.a.m.s.f.DefaultMavenResourcesFiltering - Copying 0 resource from src\main\resources to target\classes
2026-05-18 14:24:00,165 [Worker-24: Building] INFO  o.a.m.s.f.DefaultMavenResourcesFiltering - Copying 0 resource from src\main\resources to target\classes
2026-05-18 14:24:00,169 [Worker-24: Building] INFO  o.a.m.s.f.DefaultMavenResourcesFiltering - skip non existing resourceDirectory C:\CE\99.practice\argocd-lab\gitops-app\ops-app\src\test\resources
2026-05-18 14:24:55,253 [Worker-17: Building] INFO  o.a.m.s.f.DefaultMavenResourcesFiltering - Copying 0 resource from src\main\resources to target\classes
2026-05-18 14:24:55,253 [Worker-17: Building] INFO  o.a.m.s.f.DefaultMavenResourcesFiltering - Copying 0 resource from src\main\resources to target\classes
2026-05-18 14:24:55,256 [Worker-17: Building] INFO  o.a.m.s.f.DefaultMavenResourcesFiltering - skip non existing resourceDirectory C:\CE\99.practice\argocd-lab\gitops-app\ops-app\src\test\resources
2026-05-18 14:31:03,190 [Worker-24: Building] INFO  o.a.m.s.f.DefaultMavenResourcesFiltering - Copying 0 resource from src\main\resources to target\classes
2026-05-18 14:31:03,192 [Worker-24: Building] INFO  o.a.m.s.f.DefaultMavenResourcesFiltering - Copying 0 resource from src\main\resources to target\classes
2026-05-18 14:31:03,195 [Worker-24: Building] INFO  o.a.m.s.f.DefaultMavenResourcesFiltering - skip non existing resourceDirectory C:\CE\99.practice\argocd-lab\gitops-app\ops-app\src\test\resources
2026-05-18 14:50:34,177 [main] INFO  o.e.m2e.actions.ExecutePomAction - Creating new launch configuration
2026-05-18 14:50:36,671 [Worker-29: Launching ops-app] INFO  o.eclipse.m2e.core.internal.Bundles - getClasspathEntries(Bundle=org.eclipse.m2e.maven.runtime_3.9.600.20231203-1234 [354])
2026-05-18 14:50:36,673 [Worker-29: Launching ops-app] INFO  o.eclipse.m2e.core.internal.Bundles - 	Entry: C:\CE\00.sw\IDE\sts-4.22.1.RELEASE\plugins\org.eclipse.m2e.maven.runtime_3.9.600.20231203-1234
2026-05-18 14:50:36,673 [Worker-29: Launching ops-app] INFO  o.eclipse.m2e.core.internal.Bundles - 	Entry: C:\CE\00.sw\IDE\sts-4.22.1.RELEASE\plugins\org.eclipse.m2e.maven.runtime_3.9.600.20231203-1234\jars\aopalliance-1.0.jar
2026-05-18 14:50:36,673 [Worker-29: Launching ops-app] INFO  o.eclipse.m2e.core.internal.Bundles - 	Entry: C:\CE\00.sw\IDE\sts-4.22.1.RELEASE\plugins\org.eclipse.m2e.maven.runtime_3.9.600.20231203-1234\jars\guice-5.1.0.jar
2026-05-18 14:50:36,674 [Worker-29: Launching ops-app] INFO  o.eclipse.m2e.core.internal.Bundles - 	Entry: C:\CE\00.sw\IDE\sts-4.22.1.RELEASE\plugins\org.eclipse.m2e.maven.runtime_3.9.600.20231203-1234\jars\httpclient-4.5.14.jar
2026-05-18 14:50:36,674 [Worker-29: Launching ops-app] INFO  o.eclipse.m2e.core.internal.Bundles - 	Entry: C:\CE\00.sw\IDE\sts-4.22.1.RELEASE\plugins\org.eclipse.m2e.maven.runtime_3.9.600.20231203-1234\jars\httpcore-4.4.16.jar
2026-05-18 14:50:36,674 [Worker-29: Launching ops-app] INFO  o.eclipse.m2e.core.internal.Bundles - 	Entry: C:\CE\00.sw\IDE\sts-4.22.1.RELEASE\plugins\org.eclipse.m2e.maven.runtime_3.9.600.20231203-1234\jars\jansi-2.4.0.jar
2026-05-18 14:50:36,675 [Worker-29: Launching ops-app] INFO  o.eclipse.m2e.core.internal.Bundles - 	Entry: C:\CE\00.sw\IDE\sts-4.22.1.RELEASE\plugins\org.eclipse.m2e.maven.runtime_3.9.600.20231203-1234\jars\jcl-over-slf4j-1.7.36.jar
2026-05-18 14:50:36,675 [Worker-29: Launching ops-app] INFO  o.eclipse.m2e.core.internal.Bundles - 	Entry: C:\CE\00.sw\IDE\sts-4.22.1.RELEASE\plugins\org.eclipse.m2e.maven.runtime_3.9.600.20231203-1234\jars\maven-artifact-3.9.6.jar
2026-05-18 14:50:36,675 [Worker-29: Launching ops-app] INFO  o.eclipse.m2e.core.internal.Bundles - 	Entry: C:\CE\00.sw\IDE\sts-4.22.1.RELEASE\plugins\org.eclipse.m2e.maven.runtime_3.9.600.20231203-1234\jars\maven-builder-support-3.9.6.jar
2026-05-18 14:50:36,675 [Worker-29: Launching ops-app] INFO  o.eclipse.m2e.core.internal.Bundles - 	Entry: C:\CE\00.sw\IDE\sts-4.22.1.RELEASE\plugins\org.eclipse.m2e.maven.runtime_3.9.600.20231203-1234\jars\maven-compat-3.9.6.jar
2026-05-18 14:50:36,676 [Worker-29: Launching ops-app] INFO  o.eclipse.m2e.core.internal.Bundles - 	Entry: C:\CE\00.sw\IDE\sts-4.22.1.RELEASE\plugins\org.eclipse.m2e.maven.runtime_3.9.600.20231203-1234\jars\maven-core-3.9.6.jar
2026-05-18 14:50:36,676 [Worker-29: Launching ops-app] INFO  o.eclipse.m2e.core.internal.Bundles - 	Entry: C:\CE\00.sw\IDE\sts-4.22.1.RELEASE\plugins\org.eclipse.m2e.maven.runtime_3.9.600.20231203-1234\jars\maven-embedder-3.9.6.jar
2026-05-18 14:50:36,676 [Worker-29: Launching ops-app] INFO  o.eclipse.m2e.core.internal.Bundles - 	Entry: C:\CE\00.sw\IDE\sts-4.22.1.RELEASE\plugins\org.eclipse.m2e.maven.runtime_3.9.600.20231203-1234\jars\maven-model-3.9.6.jar
2026-05-18 14:50:36,676 [Worker-29: Launching ops-app] INFO  o.eclipse.m2e.core.internal.Bundles - 	Entry: C:\CE\00.sw\IDE\sts-4.22.1.RELEASE\plugins\org.eclipse.m2e.maven.runtime_3.9.600.20231203-1234\jars\maven-model-builder-3.9.6.jar
2026-05-18 14:50:36,676 [Worker-29: Launching ops-app] INFO  o.eclipse.m2e.core.internal.Bundles - 	Entry: C:\CE\00.sw\IDE\sts-4.22.1.RELEASE\plugins\org.eclipse.m2e.maven.runtime_3.9.600.20231203-1234\jars\maven-plugin-api-3.9.6.jar
2026-05-18 14:50:36,676 [Worker-29: Launching ops-app] INFO  o.eclipse.m2e.core.internal.Bundles - 	Entry: C:\CE\00.sw\IDE\sts-4.22.1.RELEASE\plugins\org.eclipse.m2e.maven.runtime_3.9.600.20231203-1234\jars\maven-repository-metadata-3.9.6.jar
2026-05-18 14:50:36,676 [Worker-29: Launching ops-app] INFO  o.eclipse.m2e.core.internal.Bundles - 	Entry: C:\CE\00.sw\IDE\sts-4.22.1.RELEASE\plugins\org.eclipse.m2e.maven.runtime_3.9.600.20231203-1234\jars\maven-resolver-api-1.9.18.jar
2026-05-18 14:50:36,678 [Worker-29: Launching ops-app] INFO  o.eclipse.m2e.core.internal.Bundles - 	Entry: C:\CE\00.sw\IDE\sts-4.22.1.RELEASE\plugins\org.eclipse.m2e.maven.runtime_3.9.600.20231203-1234\jars\maven-resolver-connector-basic-1.9.18.jar
2026-05-18 14:50:36,678 [Worker-29: Launching ops-app] INFO  o.eclipse.m2e.core.internal.Bundles - 	Entry: C:\CE\00.sw\IDE\sts-4.22.1.RELEASE\plugins\org.eclipse.m2e.maven.runtime_3.9.600.20231203-1234\jars\maven-resolver-impl-1.9.18.jar
2026-05-18 14:50:36,678 [Worker-29: Launching ops-app] INFO  o.eclipse.m2e.core.internal.Bundles - 	Entry: C:\CE\00.sw\IDE\sts-4.22.1.RELEASE\plugins\org.eclipse.m2e.maven.runtime_3.9.600.20231203-1234\jars\maven-resolver-named-locks-1.9.18.jar
2026-05-18 14:50:36,678 [Worker-29: Launching ops-app] INFO  o.eclipse.m2e.core.internal.Bundles - 	Entry: C:\CE\00.sw\IDE\sts-4.22.1.RELEASE\plugins\org.eclipse.m2e.maven.runtime_3.9.600.20231203-1234\jars\maven-resolver-provider-3.9.6.jar
2026-05-18 14:50:36,678 [Worker-29: Launching ops-app] INFO  o.eclipse.m2e.core.internal.Bundles - 	Entry: C:\CE\00.sw\IDE\sts-4.22.1.RELEASE\plugins\org.eclipse.m2e.maven.runtime_3.9.600.20231203-1234\jars\maven-resolver-spi-1.9.18.jar
2026-05-18 14:50:36,678 [Worker-29: Launching ops-app] INFO  o.eclipse.m2e.core.internal.Bundles - 	Entry: C:\CE\00.sw\IDE\sts-4.22.1.RELEASE\plugins\org.eclipse.m2e.maven.runtime_3.9.600.20231203-1234\jars\maven-resolver-transport-file-1.9.18.jar
2026-05-18 14:50:36,679 [Worker-29: Launching ops-app] INFO  o.eclipse.m2e.core.internal.Bundles - 	Entry: C:\CE\00.sw\IDE\sts-4.22.1.RELEASE\plugins\org.eclipse.m2e.maven.runtime_3.9.600.20231203-1234\jars\maven-resolver-transport-http-1.9.18.jar
2026-05-18 14:50:36,679 [Worker-29: Launching ops-app] INFO  o.eclipse.m2e.core.internal.Bundles - 	Entry: C:\CE\00.sw\IDE\sts-4.22.1.RELEASE\plugins\org.eclipse.m2e.maven.runtime_3.9.600.20231203-1234\jars\maven-resolver-transport-wagon-1.9.18.jar
2026-05-18 14:50:36,679 [Worker-29: Launching ops-app] INFO  o.eclipse.m2e.core.internal.Bundles - 	Entry: C:\CE\00.sw\IDE\sts-4.22.1.RELEASE\plugins\org.eclipse.m2e.maven.runtime_3.9.600.20231203-1234\jars\maven-resolver-util-1.9.18.jar
2026-05-18 14:50:36,679 [Worker-29: Launching ops-app] INFO  o.eclipse.m2e.core.internal.Bundles - 	Entry: C:\CE\00.sw\IDE\sts-4.22.1.RELEASE\plugins\org.eclipse.m2e.maven.runtime_3.9.600.20231203-1234\jars\maven-settings-3.9.6.jar
2026-05-18 14:50:36,680 [Worker-29: Launching ops-app] INFO  o.eclipse.m2e.core.internal.Bundles - 	Entry: C:\CE\00.sw\IDE\sts-4.22.1.RELEASE\plugins\org.eclipse.m2e.maven.runtime_3.9.600.20231203-1234\jars\maven-settings-builder-3.9.6.jar
2026-05-18 14:50:36,680 [Worker-29: Launching ops-app] INFO  o.eclipse.m2e.core.internal.Bundles - 	Entry: C:\CE\00.sw\IDE\sts-4.22.1.RELEASE\plugins\org.eclipse.m2e.maven.runtime_3.9.600.20231203-1234\jars\maven-shared-utils-3.3.4.jar
2026-05-18 14:50:36,680 [Worker-29: Launching ops-app] INFO  o.eclipse.m2e.core.internal.Bundles - 	Entry: C:\CE\00.sw\IDE\sts-4.22.1.RELEASE\plugins\org.eclipse.m2e.maven.runtime_3.9.600.20231203-1234\jars\org.eclipse.sisu.inject-0.9.0.M2.jar
2026-05-18 14:50:36,681 [Worker-29: Launching ops-app] INFO  o.eclipse.m2e.core.internal.Bundles - 	Entry: C:\CE\00.sw\IDE\sts-4.22.1.RELEASE\plugins\org.eclipse.m2e.maven.runtime_3.9.600.20231203-1234\jars\org.eclipse.sisu.plexus-0.9.0.M2.jar
2026-05-18 14:50:36,681 [Worker-29: Launching ops-app] INFO  o.eclipse.m2e.core.internal.Bundles - 	Entry: C:\CE\00.sw\IDE\sts-4.22.1.RELEASE\plugins\org.eclipse.m2e.maven.runtime_3.9.600.20231203-1234\jars\plexus-build-api-0.0.7.jar
2026-05-18 14:50:36,681 [Worker-29: Launching ops-app] INFO  o.eclipse.m2e.core.internal.Bundles - 	Entry: C:\CE\00.sw\IDE\sts-4.22.1.RELEASE\plugins\org.eclipse.m2e.maven.runtime_3.9.600.20231203-1234\jars\plexus-cipher-2.0.jar
2026-05-18 14:50:36,681 [Worker-29: Launching ops-app] INFO  o.eclipse.m2e.core.internal.Bundles - 	Entry: C:\CE\00.sw\IDE\sts-4.22.1.RELEASE\plugins\org.eclipse.m2e.maven.runtime_3.9.600.20231203-1234\jars\plexus-classworlds-2.7.0.jar
2026-05-18 14:50:36,681 [Worker-29: Launching ops-app] INFO  o.eclipse.m2e.core.internal.Bundles - 	Entry: C:\CE\00.sw\IDE\sts-4.22.1.RELEASE\plugins\org.eclipse.m2e.maven.runtime_3.9.600.20231203-1234\jars\plexus-component-annotations-2.1.0.jar
2026-05-18 14:50:36,682 [Worker-29: Launching ops-app] INFO  o.eclipse.m2e.core.internal.Bundles - 	Entry: C:\CE\00.sw\IDE\sts-4.22.1.RELEASE\plugins\org.eclipse.m2e.maven.runtime_3.9.600.20231203-1234\jars\plexus-interpolation-1.26.jar
2026-05-18 14:50:36,682 [Worker-29: Launching ops-app] INFO  o.eclipse.m2e.core.internal.Bundles - 	Entry: C:\CE\00.sw\IDE\sts-4.22.1.RELEASE\plugins\org.eclipse.m2e.maven.runtime_3.9.600.20231203-1234\jars\plexus-sec-dispatcher-2.0.jar
2026-05-18 14:50:36,682 [Worker-29: Launching ops-app] INFO  o.eclipse.m2e.core.internal.Bundles - 	Entry: C:\CE\00.sw\IDE\sts-4.22.1.RELEASE\plugins\org.eclipse.m2e.maven.runtime_3.9.600.20231203-1234\jars\plexus-utils-3.5.1.jar
2026-05-18 14:50:36,682 [Worker-29: Launching ops-app] INFO  o.eclipse.m2e.core.internal.Bundles - 	Entry: C:\CE\00.sw\IDE\sts-4.22.1.RELEASE\plugins\org.eclipse.m2e.maven.runtime_3.9.600.20231203-1234\jars\wagon-file-3.5.3.jar
2026-05-18 14:50:36,682 [Worker-29: Launching ops-app] INFO  o.eclipse.m2e.core.internal.Bundles - 	Entry: C:\CE\00.sw\IDE\sts-4.22.1.RELEASE\plugins\org.eclipse.m2e.maven.runtime_3.9.600.20231203-1234\jars\wagon-http-3.5.3.jar
2026-05-18 14:50:36,683 [Worker-29: Launching ops-app] INFO  o.eclipse.m2e.core.internal.Bundles - 	Entry: C:\CE\00.sw\IDE\sts-4.22.1.RELEASE\plugins\org.eclipse.m2e.maven.runtime_3.9.600.20231203-1234\jars\wagon-http-shared-3.5.3.jar
2026-05-18 14:50:36,683 [Worker-29: Launching ops-app] INFO  o.eclipse.m2e.core.internal.Bundles - 	Entry: C:\CE\00.sw\IDE\sts-4.22.1.RELEASE\plugins\org.eclipse.m2e.maven.runtime_3.9.600.20231203-1234\jars\wagon-provider-api-3.5.3.jar
2026-05-18 14:50:36,684 [Worker-29: Launching ops-app] INFO  o.eclipse.m2e.core.internal.Bundles - getClasspathEntries(Bundle=com.google.guava_33.0.0.jre [27])
2026-05-18 14:50:36,684 [Worker-29: Launching ops-app] INFO  o.eclipse.m2e.core.internal.Bundles - 	Entry: C:\CE\00.sw\IDE\sts-4.22.1.RELEASE\plugins\com.google.guava_33.0.0.jre.jar
2026-05-18 14:50:36,684 [Worker-29: Launching ops-app] INFO  o.eclipse.m2e.core.internal.Bundles - getClasspathEntries(Bundle=slf4j.api_2.0.12 [584])
2026-05-18 14:50:36,686 [Worker-29: Launching ops-app] INFO  o.eclipse.m2e.core.internal.Bundles - 	Entry: C:\CE\00.sw\IDE\sts-4.22.1.RELEASE\plugins\slf4j.api_2.0.12.jar
2026-05-18 14:50:36,686 [Worker-29: Launching ops-app] INFO  o.eclipse.m2e.core.internal.Bundles - getClasspathEntries(Bundle=jakarta.inject.jakarta.inject-api_1.0.5 [44])
2026-05-18 14:50:36,686 [Worker-29: Launching ops-app] INFO  o.eclipse.m2e.core.internal.Bundles - 	Entry: C:\CE\00.sw\IDE\sts-4.22.1.RELEASE\plugins\jakarta.inject.jakarta.inject-api_1.0.5.jar
2026-05-18 14:50:36,686 [Worker-29: Launching ops-app] INFO  o.eclipse.m2e.core.internal.Bundles - getClasspathEntries(Bundle=jakarta.annotation-api_1.3.5 [40])
2026-05-18 14:50:36,687 [Worker-29: Launching ops-app] INFO  o.eclipse.m2e.core.internal.Bundles - 	Entry: C:\CE\00.sw\IDE\sts-4.22.1.RELEASE\plugins\jakarta.annotation-api_1.3.5.jar
2026-05-18 14:50:36,687 [Worker-29: Launching ops-app] INFO  o.eclipse.m2e.core.internal.Bundles - getClasspathEntries(Bundle=org.apache.commons.cli_1.6.0 [75])
2026-05-18 14:50:36,687 [Worker-29: Launching ops-app] INFO  o.eclipse.m2e.core.internal.Bundles - 	Entry: C:\CE\00.sw\IDE\sts-4.22.1.RELEASE\plugins\org.apache.commons.cli_1.6.0.jar
2026-05-18 14:50:36,687 [Worker-29: Launching ops-app] INFO  o.eclipse.m2e.core.internal.Bundles - getClasspathEntries(Bundle=org.apache.commons.commons-codec_1.16.0 [77])
2026-05-18 14:50:36,687 [Worker-29: Launching ops-app] INFO  o.eclipse.m2e.core.internal.Bundles - 	Entry: C:\CE\00.sw\IDE\sts-4.22.1.RELEASE\plugins\org.apache.commons.commons-codec_1.16.0.jar
2026-05-18 14:50:36,687 [Worker-29: Launching ops-app] INFO  o.eclipse.m2e.core.internal.Bundles - getClasspathEntries(Bundle=org.apache.commons.lang3_3.14.0 [81])
2026-05-18 14:50:36,688 [Worker-29: Launching ops-app] INFO  o.eclipse.m2e.core.internal.Bundles - 	Entry: C:\CE\00.sw\IDE\sts-4.22.1.RELEASE\plugins\org.apache.commons.lang3_3.14.0.jar
2026-05-18 14:50:36,688 [Worker-29: Launching ops-app] INFO  o.eclipse.m2e.core.internal.Bundles - getClasspathEntries(Bundle=com.google.guava.failureaccess_1.0.2 [29])
2026-05-18 14:50:36,688 [Worker-29: Launching ops-app] INFO  o.eclipse.m2e.core.internal.Bundles - 	Entry: C:\CE\00.sw\IDE\sts-4.22.1.RELEASE\plugins\com.google.guava.failureaccess_1.0.2.jar
2026-05-18 14:50:36,691 [Worker-29: Launching ops-app] INFO  o.e.m.i.launch.MavenLaunchDelegate - Run build in "C:\CE\99.practice\argocd-lab\gitops-app\ops-app":
2026-05-18 14:50:36,692 [Worker-29: Launching ops-app] INFO  o.e.m.i.launch.MavenLaunchDelegate -  mvn  -Ppom.xml -B -Dstyle.color=always 
2026-05-18 14:50:47,719 [main] INFO  o.e.m2e.actions.ExecutePomAction - Creating new launch configuration
2026-05-18 14:50:54,935 [Worker-30: Launching ops-app (1)] INFO  o.eclipse.m2e.core.internal.Bundles - getClasspathEntries(Bundle=org.eclipse.m2e.maven.runtime_3.9.600.20231203-1234 [354])
2026-05-18 14:50:54,936 [Worker-30: Launching ops-app (1)] INFO  o.eclipse.m2e.core.internal.Bundles - 	Entry: C:\CE\00.sw\IDE\sts-4.22.1.RELEASE\plugins\org.eclipse.m2e.maven.runtime_3.9.600.20231203-1234
2026-05-18 14:50:54,937 [Worker-30: Launching ops-app (1)] INFO  o.eclipse.m2e.core.internal.Bundles - 	Entry: C:\CE\00.sw\IDE\sts-4.22.1.RELEASE\plugins\org.eclipse.m2e.maven.runtime_3.9.600.20231203-1234\jars\aopalliance-1.0.jar
2026-05-18 14:50:54,937 [Worker-30: Launching ops-app (1)] INFO  o.eclipse.m2e.core.internal.Bundles - 	Entry: C:\CE\00.sw\IDE\sts-4.22.1.RELEASE\plugins\org.eclipse.m2e.maven.runtime_3.9.600.20231203-1234\jars\guice-5.1.0.jar
2026-05-18 14:50:54,937 [Worker-30: Launching ops-app (1)] INFO  o.eclipse.m2e.core.internal.Bundles - 	Entry: C:\CE\00.sw\IDE\sts-4.22.1.RELEASE\plugins\org.eclipse.m2e.maven.runtime_3.9.600.20231203-1234\jars\httpclient-4.5.14.jar
2026-05-18 14:50:54,938 [Worker-30: Launching ops-app (1)] INFO  o.eclipse.m2e.core.internal.Bundles - 	Entry: C:\CE\00.sw\IDE\sts-4.22.1.RELEASE\plugins\org.eclipse.m2e.maven.runtime_3.9.600.20231203-1234\jars\httpcore-4.4.16.jar
2026-05-18 14:50:54,938 [Worker-30: Launching ops-app (1)] INFO  o.eclipse.m2e.core.internal.Bundles - 	Entry: C:\CE\00.sw\IDE\sts-4.22.1.RELEASE\plugins\org.eclipse.m2e.maven.runtime_3.9.600.20231203-1234\jars\jansi-2.4.0.jar
2026-05-18 14:50:54,938 [Worker-30: Launching ops-app (1)] INFO  o.eclipse.m2e.core.internal.Bundles - 	Entry: C:\CE\00.sw\IDE\sts-4.22.1.RELEASE\plugins\org.eclipse.m2e.maven.runtime_3.9.600.20231203-1234\jars\jcl-over-slf4j-1.7.36.jar
2026-05-18 14:50:54,938 [Worker-30: Launching ops-app (1)] INFO  o.eclipse.m2e.core.internal.Bundles - 	Entry: C:\CE\00.sw\IDE\sts-4.22.1.RELEASE\plugins\org.eclipse.m2e.maven.runtime_3.9.600.20231203-1234\jars\maven-artifact-3.9.6.jar
2026-05-18 14:50:54,938 [Worker-30: Launching ops-app (1)] INFO  o.eclipse.m2e.core.internal.Bundles - 	Entry: C:\CE\00.sw\IDE\sts-4.22.1.RELEASE\plugins\org.eclipse.m2e.maven.runtime_3.9.600.20231203-1234\jars\maven-builder-support-3.9.6.jar
2026-05-18 14:50:54,939 [Worker-30: Launching ops-app (1)] INFO  o.eclipse.m2e.core.internal.Bundles - 	Entry: C:\CE\00.sw\IDE\sts-4.22.1.RELEASE\plugins\org.eclipse.m2e.maven.runtime_3.9.600.20231203-1234\jars\maven-compat-3.9.6.jar
2026-05-18 14:50:54,939 [Worker-30: Launching ops-app (1)] INFO  o.eclipse.m2e.core.internal.Bundles - 	Entry: C:\CE\00.sw\IDE\sts-4.22.1.RELEASE\plugins\org.eclipse.m2e.maven.runtime_3.9.600.20231203-1234\jars\maven-core-3.9.6.jar
2026-05-18 14:50:54,939 [Worker-30: Launching ops-app (1)] INFO  o.eclipse.m2e.core.internal.Bundles - 	Entry: C:\CE\00.sw\IDE\sts-4.22.1.RELEASE\plugins\org.eclipse.m2e.maven.runtime_3.9.600.20231203-1234\jars\maven-embedder-3.9.6.jar
2026-05-18 14:50:54,939 [Worker-30: Launching ops-app (1)] INFO  o.eclipse.m2e.core.internal.Bundles - 	Entry: C:\CE\00.sw\IDE\sts-4.22.1.RELEASE\plugins\org.eclipse.m2e.maven.runtime_3.9.600.20231203-1234\jars\maven-model-3.9.6.jar
2026-05-18 14:50:54,940 [Worker-30: Launching ops-app (1)] INFO  o.eclipse.m2e.core.internal.Bundles - 	Entry: C:\CE\00.sw\IDE\sts-4.22.1.RELEASE\plugins\org.eclipse.m2e.maven.runtime_3.9.600.20231203-1234\jars\maven-model-builder-3.9.6.jar
2026-05-18 14:50:54,940 [Worker-30: Launching ops-app (1)] INFO  o.eclipse.m2e.core.internal.Bundles - 	Entry: C:\CE\00.sw\IDE\sts-4.22.1.RELEASE\plugins\org.eclipse.m2e.maven.runtime_3.9.600.20231203-1234\jars\maven-plugin-api-3.9.6.jar
2026-05-18 14:50:54,940 [Worker-30: Launching ops-app (1)] INFO  o.eclipse.m2e.core.internal.Bundles - 	Entry: C:\CE\00.sw\IDE\sts-4.22.1.RELEASE\plugins\org.eclipse.m2e.maven.runtime_3.9.600.20231203-1234\jars\maven-repository-metadata-3.9.6.jar
2026-05-18 14:50:54,940 [Worker-30: Launching ops-app (1)] INFO  o.eclipse.m2e.core.internal.Bundles - 	Entry: C:\CE\00.sw\IDE\sts-4.22.1.RELEASE\plugins\org.eclipse.m2e.maven.runtime_3.9.600.20231203-1234\jars\maven-resolver-api-1.9.18.jar
2026-05-18 14:50:54,941 [Worker-30: Launching ops-app (1)] INFO  o.eclipse.m2e.core.internal.Bundles - 	Entry: C:\CE\00.sw\IDE\sts-4.22.1.RELEASE\plugins\org.eclipse.m2e.maven.runtime_3.9.600.20231203-1234\jars\maven-resolver-connector-basic-1.9.18.jar
2026-05-18 14:50:54,941 [Worker-30: Launching ops-app (1)] INFO  o.eclipse.m2e.core.internal.Bundles - 	Entry: C:\CE\00.sw\IDE\sts-4.22.1.RELEASE\plugins\org.eclipse.m2e.maven.runtime_3.9.600.20231203-1234\jars\maven-resolver-impl-1.9.18.jar
2026-05-18 14:50:54,941 [Worker-30: Launching ops-app (1)] INFO  o.eclipse.m2e.core.internal.Bundles - 	Entry: C:\CE\00.sw\IDE\sts-4.22.1.RELEASE\plugins\org.eclipse.m2e.maven.runtime_3.9.600.20231203-1234\jars\maven-resolver-named-locks-1.9.18.jar
2026-05-18 14:50:54,941 [Worker-30: Launching ops-app (1)] INFO  o.eclipse.m2e.core.internal.Bundles - 	Entry: C:\CE\00.sw\IDE\sts-4.22.1.RELEASE\plugins\org.eclipse.m2e.maven.runtime_3.9.600.20231203-1234\jars\maven-resolver-provider-3.9.6.jar
2026-05-18 14:50:54,942 [Worker-30: Launching ops-app (1)] INFO  o.eclipse.m2e.core.internal.Bundles - 	Entry: C:\CE\00.sw\IDE\sts-4.22.1.RELEASE\plugins\org.eclipse.m2e.maven.runtime_3.9.600.20231203-1234\jars\maven-resolver-spi-1.9.18.jar
2026-05-18 14:50:54,942 [Worker-30: Launching ops-app (1)] INFO  o.eclipse.m2e.core.internal.Bundles - 	Entry: C:\CE\00.sw\IDE\sts-4.22.1.RELEASE\plugins\org.eclipse.m2e.maven.runtime_3.9.600.20231203-1234\jars\maven-resolver-transport-file-1.9.18.jar
2026-05-18 14:50:54,942 [Worker-30: Launching ops-app (1)] INFO  o.eclipse.m2e.core.internal.Bundles - 	Entry: C:\CE\00.sw\IDE\sts-4.22.1.RELEASE\plugins\org.eclipse.m2e.maven.runtime_3.9.600.20231203-1234\jars\maven-resolver-transport-http-1.9.18.jar
2026-05-18 14:50:54,942 [Worker-30: Launching ops-app (1)] INFO  o.eclipse.m2e.core.internal.Bundles - 	Entry: C:\CE\00.sw\IDE\sts-4.22.1.RELEASE\plugins\org.eclipse.m2e.maven.runtime_3.9.600.20231203-1234\jars\maven-resolver-transport-wagon-1.9.18.jar
2026-05-18 14:50:54,942 [Worker-30: Launching ops-app (1)] INFO  o.eclipse.m2e.core.internal.Bundles - 	Entry: C:\CE\00.sw\IDE\sts-4.22.1.RELEASE\plugins\org.eclipse.m2e.maven.runtime_3.9.600.20231203-1234\jars\maven-resolver-util-1.9.18.jar
2026-05-18 14:50:54,943 [Worker-30: Launching ops-app (1)] INFO  o.eclipse.m2e.core.internal.Bundles - 	Entry: C:\CE\00.sw\IDE\sts-4.22.1.RELEASE\plugins\org.eclipse.m2e.maven.runtime_3.9.600.20231203-1234\jars\maven-settings-3.9.6.jar
2026-05-18 14:50:54,943 [Worker-30: Launching ops-app (1)] INFO  o.eclipse.m2e.core.internal.Bundles - 	Entry: C:\CE\00.sw\IDE\sts-4.22.1.RELEASE\plugins\org.eclipse.m2e.maven.runtime_3.9.600.20231203-1234\jars\maven-settings-builder-3.9.6.jar
2026-05-18 14:50:54,943 [Worker-30: Launching ops-app (1)] INFO  o.eclipse.m2e.core.internal.Bundles - 	Entry: C:\CE\00.sw\IDE\sts-4.22.1.RELEASE\plugins\org.eclipse.m2e.maven.runtime_3.9.600.20231203-1234\jars\maven-shared-utils-3.3.4.jar
2026-05-18 14:50:54,943 [Worker-30: Launching ops-app (1)] INFO  o.eclipse.m2e.core.internal.Bundles - 	Entry: C:\CE\00.sw\IDE\sts-4.22.1.RELEASE\plugins\org.eclipse.m2e.maven.runtime_3.9.600.20231203-1234\jars\org.eclipse.sisu.inject-0.9.0.M2.jar
2026-05-18 14:50:54,943 [Worker-30: Launching ops-app (1)] INFO  o.eclipse.m2e.core.internal.Bundles - 	Entry: C:\CE\00.sw\IDE\sts-4.22.1.RELEASE\plugins\org.eclipse.m2e.maven.runtime_3.9.600.20231203-1234\jars\org.eclipse.sisu.plexus-0.9.0.M2.jar
2026-05-18 14:50:54,943 [Worker-30: Launching ops-app (1)] INFO  o.eclipse.m2e.core.internal.Bundles - 	Entry: C:\CE\00.sw\IDE\sts-4.22.1.RELEASE\plugins\org.eclipse.m2e.maven.runtime_3.9.600.20231203-1234\jars\plexus-build-api-0.0.7.jar
2026-05-18 14:50:54,943 [Worker-30: Launching ops-app (1)] INFO  o.eclipse.m2e.core.internal.Bundles - 	Entry: C:\CE\00.sw\IDE\sts-4.22.1.RELEASE\plugins\org.eclipse.m2e.maven.runtime_3.9.600.20231203-1234\jars\plexus-cipher-2.0.jar
2026-05-18 14:50:54,943 [Worker-30: Launching ops-app (1)] INFO  o.eclipse.m2e.core.internal.Bundles - 	Entry: C:\CE\00.sw\IDE\sts-4.22.1.RELEASE\plugins\org.eclipse.m2e.maven.runtime_3.9.600.20231203-1234\jars\plexus-classworlds-2.7.0.jar
2026-05-18 14:50:54,943 [Worker-30: Launching ops-app (1)] INFO  o.eclipse.m2e.core.internal.Bundles - 	Entry: C:\CE\00.sw\IDE\sts-4.22.1.RELEASE\plugins\org.eclipse.m2e.maven.runtime_3.9.600.20231203-1234\jars\plexus-component-annotations-2.1.0.jar
2026-05-18 14:50:54,944 [Worker-30: Launching ops-app (1)] INFO  o.eclipse.m2e.core.internal.Bundles - 	Entry: C:\CE\00.sw\IDE\sts-4.22.1.RELEASE\plugins\org.eclipse.m2e.maven.runtime_3.9.600.20231203-1234\jars\plexus-interpolation-1.26.jar
2026-05-18 14:50:54,944 [Worker-30: Launching ops-app (1)] INFO  o.eclipse.m2e.core.internal.Bundles - 	Entry: C:\CE\00.sw\IDE\sts-4.22.1.RELEASE\plugins\org.eclipse.m2e.maven.runtime_3.9.600.20231203-1234\jars\plexus-sec-dispatcher-2.0.jar
2026-05-18 14:50:54,944 [Worker-30: Launching ops-app (1)] INFO  o.eclipse.m2e.core.internal.Bundles - 	Entry: C:\CE\00.sw\IDE\sts-4.22.1.RELEASE\plugins\org.eclipse.m2e.maven.runtime_3.9.600.20231203-1234\jars\plexus-utils-3.5.1.jar
2026-05-18 14:50:54,944 [Worker-30: Launching ops-app (1)] INFO  o.eclipse.m2e.core.internal.Bundles - 	Entry: C:\CE\00.sw\IDE\sts-4.22.1.RELEASE\plugins\org.eclipse.m2e.maven.runtime_3.9.600.20231203-1234\jars\wagon-file-3.5.3.jar
2026-05-18 14:50:54,944 [Worker-30: Launching ops-app (1)] INFO  o.eclipse.m2e.core.internal.Bundles - 	Entry: C:\CE\00.sw\IDE\sts-4.22.1.RELEASE\plugins\org.eclipse.m2e.maven.runtime_3.9.600.20231203-1234\jars\wagon-http-3.5.3.jar
2026-05-18 14:50:54,945 [Worker-30: Launching ops-app (1)] INFO  o.eclipse.m2e.core.internal.Bundles - 	Entry: C:\CE\00.sw\IDE\sts-4.22.1.RELEASE\plugins\org.eclipse.m2e.maven.runtime_3.9.600.20231203-1234\jars\wagon-http-shared-3.5.3.jar
2026-05-18 14:50:54,945 [Worker-30: Launching ops-app (1)] INFO  o.eclipse.m2e.core.internal.Bundles - 	Entry: C:\CE\00.sw\IDE\sts-4.22.1.RELEASE\plugins\org.eclipse.m2e.maven.runtime_3.9.600.20231203-1234\jars\wagon-provider-api-3.5.3.jar
2026-05-18 14:50:54,946 [Worker-30: Launching ops-app (1)] INFO  o.eclipse.m2e.core.internal.Bundles - getClasspathEntries(Bundle=com.google.guava_33.0.0.jre [27])
2026-05-18 14:50:54,947 [Worker-30: Launching ops-app (1)] INFO  o.eclipse.m2e.core.internal.Bundles - 	Entry: C:\CE\00.sw\IDE\sts-4.22.1.RELEASE\plugins\com.google.guava_33.0.0.jre.jar
2026-05-18 14:50:54,947 [Worker-30: Launching ops-app (1)] INFO  o.eclipse.m2e.core.internal.Bundles - getClasspathEntries(Bundle=slf4j.api_2.0.12 [584])
2026-05-18 14:50:54,947 [Worker-30: Launching ops-app (1)] INFO  o.eclipse.m2e.core.internal.Bundles - 	Entry: C:\CE\00.sw\IDE\sts-4.22.1.RELEASE\plugins\slf4j.api_2.0.12.jar
2026-05-18 14:50:54,947 [Worker-30: Launching ops-app (1)] INFO  o.eclipse.m2e.core.internal.Bundles - getClasspathEntries(Bundle=jakarta.inject.jakarta.inject-api_1.0.5 [44])
2026-05-18 14:50:54,948 [Worker-30: Launching ops-app (1)] INFO  o.eclipse.m2e.core.internal.Bundles - 	Entry: C:\CE\00.sw\IDE\sts-4.22.1.RELEASE\plugins\jakarta.inject.jakarta.inject-api_1.0.5.jar
2026-05-18 14:50:54,948 [Worker-30: Launching ops-app (1)] INFO  o.eclipse.m2e.core.internal.Bundles - getClasspathEntries(Bundle=jakarta.annotation-api_1.3.5 [40])
2026-05-18 14:50:54,949 [Worker-30: Launching ops-app (1)] INFO  o.eclipse.m2e.core.internal.Bundles - 	Entry: C:\CE\00.sw\IDE\sts-4.22.1.RELEASE\plugins\jakarta.annotation-api_1.3.5.jar
2026-05-18 14:50:54,949 [Worker-30: Launching ops-app (1)] INFO  o.eclipse.m2e.core.internal.Bundles - getClasspathEntries(Bundle=org.apache.commons.cli_1.6.0 [75])
2026-05-18 14:50:54,949 [Worker-30: Launching ops-app (1)] INFO  o.eclipse.m2e.core.internal.Bundles - 	Entry: C:\CE\00.sw\IDE\sts-4.22.1.RELEASE\plugins\org.apache.commons.cli_1.6.0.jar
2026-05-18 14:50:54,949 [Worker-30: Launching ops-app (1)] INFO  o.eclipse.m2e.core.internal.Bundles - getClasspathEntries(Bundle=org.apache.commons.commons-codec_1.16.0 [77])
2026-05-18 14:50:54,950 [Worker-30: Launching ops-app (1)] INFO  o.eclipse.m2e.core.internal.Bundles - 	Entry: C:\CE\00.sw\IDE\sts-4.22.1.RELEASE\plugins\org.apache.commons.commons-codec_1.16.0.jar
2026-05-18 14:50:54,950 [Worker-30: Launching ops-app (1)] INFO  o.eclipse.m2e.core.internal.Bundles - getClasspathEntries(Bundle=org.apache.commons.lang3_3.14.0 [81])
2026-05-18 14:50:54,950 [Worker-30: Launching ops-app (1)] INFO  o.eclipse.m2e.core.internal.Bundles - 	Entry: C:\CE\00.sw\IDE\sts-4.22.1.RELEASE\plugins\org.apache.commons.lang3_3.14.0.jar
2026-05-18 14:50:54,950 [Worker-30: Launching ops-app (1)] INFO  o.eclipse.m2e.core.internal.Bundles - getClasspathEntries(Bundle=com.google.guava.failureaccess_1.0.2 [29])
2026-05-18 14:50:54,951 [Worker-30: Launching ops-app (1)] INFO  o.eclipse.m2e.core.internal.Bundles - 	Entry: C:\CE\00.sw\IDE\sts-4.22.1.RELEASE\plugins\com.google.guava.failureaccess_1.0.2.jar
2026-05-18 14:50:54,953 [Worker-30: Launching ops-app (1)] INFO  o.e.m.i.launch.MavenLaunchDelegate - Run build in "C:\CE\99.practice\argocd-lab\gitops-app\ops-app":
2026-05-18 14:50:54,953 [Worker-30: Launching ops-app (1)] INFO  o.e.m.i.launch.MavenLaunchDelegate -  mvn  -Ppom.xml -B -Dstyle.color=always 
2026-05-18 14:51:10,197 [main] INFO  o.e.m2e.actions.ExecutePomAction - Creating new launch configuration
2026-05-18 14:51:53,857 [Worker-2: Launching ops-app (2)] INFO  o.eclipse.m2e.core.internal.Bundles - getClasspathEntries(Bundle=org.eclipse.m2e.maven.runtime_3.9.600.20231203-1234 [354])
2026-05-18 14:51:53,858 [Worker-2: Launching ops-app (2)] INFO  o.eclipse.m2e.core.internal.Bundles - 	Entry: C:\CE\00.sw\IDE\sts-4.22.1.RELEASE\plugins\org.eclipse.m2e.maven.runtime_3.9.600.20231203-1234
2026-05-18 14:51:53,859 [Worker-2: Launching ops-app (2)] INFO  o.eclipse.m2e.core.internal.Bundles - 	Entry: C:\CE\00.sw\IDE\sts-4.22.1.RELEASE\plugins\org.eclipse.m2e.maven.runtime_3.9.600.20231203-1234\jars\aopalliance-1.0.jar
2026-05-18 14:51:53,859 [Worker-2: Launching ops-app (2)] INFO  o.eclipse.m2e.core.internal.Bundles - 	Entry: C:\CE\00.sw\IDE\sts-4.22.1.RELEASE\plugins\org.eclipse.m2e.maven.runtime_3.9.600.20231203-1234\jars\guice-5.1.0.jar
2026-05-18 14:51:53,859 [Worker-2: Launching ops-app (2)] INFO  o.eclipse.m2e.core.internal.Bundles - 	Entry: C:\CE\00.sw\IDE\sts-4.22.1.RELEASE\plugins\org.eclipse.m2e.maven.runtime_3.9.600.20231203-1234\jars\httpclient-4.5.14.jar
2026-05-18 14:51:53,860 [Worker-2: Launching ops-app (2)] INFO  o.eclipse.m2e.core.internal.Bundles - 	Entry: C:\CE\00.sw\IDE\sts-4.22.1.RELEASE\plugins\org.eclipse.m2e.maven.runtime_3.9.600.20231203-1234\jars\httpcore-4.4.16.jar
2026-05-18 14:51:53,860 [Worker-2: Launching ops-app (2)] INFO  o.eclipse.m2e.core.internal.Bundles - 	Entry: C:\CE\00.sw\IDE\sts-4.22.1.RELEASE\plugins\org.eclipse.m2e.maven.runtime_3.9.600.20231203-1234\jars\jansi-2.4.0.jar
2026-05-18 14:51:53,860 [Worker-2: Launching ops-app (2)] INFO  o.eclipse.m2e.core.internal.Bundles - 	Entry: C:\CE\00.sw\IDE\sts-4.22.1.RELEASE\plugins\org.eclipse.m2e.maven.runtime_3.9.600.20231203-1234\jars\jcl-over-slf4j-1.7.36.jar
2026-05-18 14:51:53,860 [Worker-2: Launching ops-app (2)] INFO  o.eclipse.m2e.core.internal.Bundles - 	Entry: C:\CE\00.sw\IDE\sts-4.22.1.RELEASE\plugins\org.eclipse.m2e.maven.runtime_3.9.600.20231203-1234\jars\maven-artifact-3.9.6.jar
2026-05-18 14:51:53,861 [Worker-2: Launching ops-app (2)] INFO  o.eclipse.m2e.core.internal.Bundles - 	Entry: C:\CE\00.sw\IDE\sts-4.22.1.RELEASE\plugins\org.eclipse.m2e.maven.runtime_3.9.600.20231203-1234\jars\maven-builder-support-3.9.6.jar
2026-05-18 14:51:53,861 [Worker-2: Launching ops-app (2)] INFO  o.eclipse.m2e.core.internal.Bundles - 	Entry: C:\CE\00.sw\IDE\sts-4.22.1.RELEASE\plugins\org.eclipse.m2e.maven.runtime_3.9.600.20231203-1234\jars\maven-compat-3.9.6.jar
2026-05-18 14:51:53,861 [Worker-2: Launching ops-app (2)] INFO  o.eclipse.m2e.core.internal.Bundles - 	Entry: C:\CE\00.sw\IDE\sts-4.22.1.RELEASE\plugins\org.eclipse.m2e.maven.runtime_3.9.600.20231203-1234\jars\maven-core-3.9.6.jar
2026-05-18 14:51:53,861 [Worker-2: Launching ops-app (2)] INFO  o.eclipse.m2e.core.internal.Bundles - 	Entry: C:\CE\00.sw\IDE\sts-4.22.1.RELEASE\plugins\org.eclipse.m2e.maven.runtime_3.9.600.20231203-1234\jars\maven-embedder-3.9.6.jar
2026-05-18 14:51:53,861 [Worker-2: Launching ops-app (2)] INFO  o.eclipse.m2e.core.internal.Bundles - 	Entry: C:\CE\00.sw\IDE\sts-4.22.1.RELEASE\plugins\org.eclipse.m2e.maven.runtime_3.9.600.20231203-1234\jars\maven-model-3.9.6.jar
2026-05-18 14:51:53,862 [Worker-2: Launching ops-app (2)] INFO  o.eclipse.m2e.core.internal.Bundles - 	Entry: C:\CE\00.sw\IDE\sts-4.22.1.RELEASE\plugins\org.eclipse.m2e.maven.runtime_3.9.600.20231203-1234\jars\maven-model-builder-3.9.6.jar
2026-05-18 14:51:53,862 [Worker-2: Launching ops-app (2)] INFO  o.eclipse.m2e.core.internal.Bundles - 	Entry: C:\CE\00.sw\IDE\sts-4.22.1.RELEASE\plugins\org.eclipse.m2e.maven.runtime_3.9.600.20231203-1234\jars\maven-plugin-api-3.9.6.jar
2026-05-18 14:51:53,862 [Worker-2: Launching ops-app (2)] INFO  o.eclipse.m2e.core.internal.Bundles - 	Entry: C:\CE\00.sw\IDE\sts-4.22.1.RELEASE\plugins\org.eclipse.m2e.maven.runtime_3.9.600.20231203-1234\jars\maven-repository-metadata-3.9.6.jar
2026-05-18 14:51:53,863 [Worker-2: Launching ops-app (2)] INFO  o.eclipse.m2e.core.internal.Bundles - 	Entry: C:\CE\00.sw\IDE\sts-4.22.1.RELEASE\plugins\org.eclipse.m2e.maven.runtime_3.9.600.20231203-1234\jars\maven-resolver-api-1.9.18.jar
2026-05-18 14:51:53,863 [Worker-2: Launching ops-app (2)] INFO  o.eclipse.m2e.core.internal.Bundles - 	Entry: C:\CE\00.sw\IDE\sts-4.22.1.RELEASE\plugins\org.eclipse.m2e.maven.runtime_3.9.600.20231203-1234\jars\maven-resolver-connector-basic-1.9.18.jar
2026-05-18 14:51:53,863 [Worker-2: Launching ops-app (2)] INFO  o.eclipse.m2e.core.internal.Bundles - 	Entry: C:\CE\00.sw\IDE\sts-4.22.1.RELEASE\plugins\org.eclipse.m2e.maven.runtime_3.9.600.20231203-1234\jars\maven-resolver-impl-1.9.18.jar
2026-05-18 14:51:53,863 [Worker-2: Launching ops-app (2)] INFO  o.eclipse.m2e.core.internal.Bundles - 	Entry: C:\CE\00.sw\IDE\sts-4.22.1.RELEASE\plugins\org.eclipse.m2e.maven.runtime_3.9.600.20231203-1234\jars\maven-resolver-named-locks-1.9.18.jar
2026-05-18 14:51:53,863 [Worker-2: Launching ops-app (2)] INFO  o.eclipse.m2e.core.internal.Bundles - 	Entry: C:\CE\00.sw\IDE\sts-4.22.1.RELEASE\plugins\org.eclipse.m2e.maven.runtime_3.9.600.20231203-1234\jars\maven-resolver-provider-3.9.6.jar
2026-05-18 14:51:53,864 [Worker-2: Launching ops-app (2)] INFO  o.eclipse.m2e.core.internal.Bundles - 	Entry: C:\CE\00.sw\IDE\sts-4.22.1.RELEASE\plugins\org.eclipse.m2e.maven.runtime_3.9.600.20231203-1234\jars\maven-resolver-spi-1.9.18.jar
2026-05-18 14:51:53,864 [Worker-2: Launching ops-app (2)] INFO  o.eclipse.m2e.core.internal.Bundles - 	Entry: C:\CE\00.sw\IDE\sts-4.22.1.RELEASE\plugins\org.eclipse.m2e.maven.runtime_3.9.600.20231203-1234\jars\maven-resolver-transport-file-1.9.18.jar
2026-05-18 14:51:53,864 [Worker-2: Launching ops-app (2)] INFO  o.eclipse.m2e.core.internal.Bundles - 	Entry: C:\CE\00.sw\IDE\sts-4.22.1.RELEASE\plugins\org.eclipse.m2e.maven.runtime_3.9.600.20231203-1234\jars\maven-resolver-transport-http-1.9.18.jar
2026-05-18 14:51:53,864 [Worker-2: Launching ops-app (2)] INFO  o.eclipse.m2e.core.internal.Bundles - 	Entry: C:\CE\00.sw\IDE\sts-4.22.1.RELEASE\plugins\org.eclipse.m2e.maven.runtime_3.9.600.20231203-1234\jars\maven-resolver-transport-wagon-1.9.18.jar
2026-05-18 14:51:53,865 [Worker-2: Launching ops-app (2)] INFO  o.eclipse.m2e.core.internal.Bundles - 	Entry: C:\CE\00.sw\IDE\sts-4.22.1.RELEASE\plugins\org.eclipse.m2e.maven.runtime_3.9.600.20231203-1234\jars\maven-resolver-util-1.9.18.jar
2026-05-18 14:51:53,865 [Worker-2: Launching ops-app (2)] INFO  o.eclipse.m2e.core.internal.Bundles - 	Entry: C:\CE\00.sw\IDE\sts-4.22.1.RELEASE\plugins\org.eclipse.m2e.maven.runtime_3.9.600.20231203-1234\jars\maven-settings-3.9.6.jar
2026-05-18 14:51:53,865 [Worker-2: Launching ops-app (2)] INFO  o.eclipse.m2e.core.internal.Bundles - 	Entry: C:\CE\00.sw\IDE\sts-4.22.1.RELEASE\plugins\org.eclipse.m2e.maven.runtime_3.9.600.20231203-1234\jars\maven-settings-builder-3.9.6.jar
2026-05-18 14:51:53,865 [Worker-2: Launching ops-app (2)] INFO  o.eclipse.m2e.core.internal.Bundles - 	Entry: C:\CE\00.sw\IDE\sts-4.22.1.RELEASE\plugins\org.eclipse.m2e.maven.runtime_3.9.600.20231203-1234\jars\maven-shared-utils-3.3.4.jar
2026-05-18 14:51:53,865 [Worker-2: Launching ops-app (2)] INFO  o.eclipse.m2e.core.internal.Bundles - 	Entry: C:\CE\00.sw\IDE\sts-4.22.1.RELEASE\plugins\org.eclipse.m2e.maven.runtime_3.9.600.20231203-1234\jars\org.eclipse.sisu.inject-0.9.0.M2.jar
2026-05-18 14:51:53,866 [Worker-2: Launching ops-app (2)] INFO  o.eclipse.m2e.core.internal.Bundles - 	Entry: C:\CE\00.sw\IDE\sts-4.22.1.RELEASE\plugins\org.eclipse.m2e.maven.runtime_3.9.600.20231203-1234\jars\org.eclipse.sisu.plexus-0.9.0.M2.jar
2026-05-18 14:51:53,866 [Worker-2: Launching ops-app (2)] INFO  o.eclipse.m2e.core.internal.Bundles - 	Entry: C:\CE\00.sw\IDE\sts-4.22.1.RELEASE\plugins\org.eclipse.m2e.maven.runtime_3.9.600.20231203-1234\jars\plexus-build-api-0.0.7.jar
2026-05-18 14:51:53,866 [Worker-2: Launching ops-app (2)] INFO  o.eclipse.m2e.core.internal.Bundles - 	Entry: C:\CE\00.sw\IDE\sts-4.22.1.RELEASE\plugins\org.eclipse.m2e.maven.runtime_3.9.600.20231203-1234\jars\plexus-cipher-2.0.jar
2026-05-18 14:51:53,866 [Worker-2: Launching ops-app (2)] INFO  o.eclipse.m2e.core.internal.Bundles - 	Entry: C:\CE\00.sw\IDE\sts-4.22.1.RELEASE\plugins\org.eclipse.m2e.maven.runtime_3.9.600.20231203-1234\jars\plexus-classworlds-2.7.0.jar
2026-05-18 14:51:53,866 [Worker-2: Launching ops-app (2)] INFO  o.eclipse.m2e.core.internal.Bundles - 	Entry: C:\CE\00.sw\IDE\sts-4.22.1.RELEASE\plugins\org.eclipse.m2e.maven.runtime_3.9.600.20231203-1234\jars\plexus-component-annotations-2.1.0.jar
2026-05-18 14:51:53,867 [Worker-2: Launching ops-app (2)] INFO  o.eclipse.m2e.core.internal.Bundles - 	Entry: C:\CE\00.sw\IDE\sts-4.22.1.RELEASE\plugins\org.eclipse.m2e.maven.runtime_3.9.600.20231203-1234\jars\plexus-interpolation-1.26.jar
2026-05-18 14:51:53,867 [Worker-2: Launching ops-app (2)] INFO  o.eclipse.m2e.core.internal.Bundles - 	Entry: C:\CE\00.sw\IDE\sts-4.22.1.RELEASE\plugins\org.eclipse.m2e.maven.runtime_3.9.600.20231203-1234\jars\plexus-sec-dispatcher-2.0.jar
2026-05-18 14:51:53,867 [Worker-2: Launching ops-app (2)] INFO  o.eclipse.m2e.core.internal.Bundles - 	Entry: C:\CE\00.sw\IDE\sts-4.22.1.RELEASE\plugins\org.eclipse.m2e.maven.runtime_3.9.600.20231203-1234\jars\plexus-utils-3.5.1.jar
2026-05-18 14:51:53,867 [Worker-2: Launching ops-app (2)] INFO  o.eclipse.m2e.core.internal.Bundles - 	Entry: C:\CE\00.sw\IDE\sts-4.22.1.RELEASE\plugins\org.eclipse.m2e.maven.runtime_3.9.600.20231203-1234\jars\wagon-file-3.5.3.jar
2026-05-18 14:51:53,868 [Worker-2: Launching ops-app (2)] INFO  o.eclipse.m2e.core.internal.Bundles - 	Entry: C:\CE\00.sw\IDE\sts-4.22.1.RELEASE\plugins\org.eclipse.m2e.maven.runtime_3.9.600.20231203-1234\jars\wagon-http-3.5.3.jar
2026-05-18 14:51:53,868 [Worker-2: Launching ops-app (2)] INFO  o.eclipse.m2e.core.internal.Bundles - 	Entry: C:\CE\00.sw\IDE\sts-4.22.1.RELEASE\plugins\org.eclipse.m2e.maven.runtime_3.9.600.20231203-1234\jars\wagon-http-shared-3.5.3.jar
2026-05-18 14:51:53,868 [Worker-2: Launching ops-app (2)] INFO  o.eclipse.m2e.core.internal.Bundles - 	Entry: C:\CE\00.sw\IDE\sts-4.22.1.RELEASE\plugins\org.eclipse.m2e.maven.runtime_3.9.600.20231203-1234\jars\wagon-provider-api-3.5.3.jar
2026-05-18 14:51:53,868 [Worker-2: Launching ops-app (2)] INFO  o.eclipse.m2e.core.internal.Bundles - getClasspathEntries(Bundle=com.google.guava_33.0.0.jre [27])
2026-05-18 14:51:53,869 [Worker-2: Launching ops-app (2)] INFO  o.eclipse.m2e.core.internal.Bundles - 	Entry: C:\CE\00.sw\IDE\sts-4.22.1.RELEASE\plugins\com.google.guava_33.0.0.jre.jar
2026-05-18 14:51:53,869 [Worker-2: Launching ops-app (2)] INFO  o.eclipse.m2e.core.internal.Bundles - getClasspathEntries(Bundle=slf4j.api_2.0.12 [584])
2026-05-18 14:51:53,869 [Worker-2: Launching ops-app (2)] INFO  o.eclipse.m2e.core.internal.Bundles - 	Entry: C:\CE\00.sw\IDE\sts-4.22.1.RELEASE\plugins\slf4j.api_2.0.12.jar
2026-05-18 14:51:53,869 [Worker-2: Launching ops-app (2)] INFO  o.eclipse.m2e.core.internal.Bundles - getClasspathEntries(Bundle=jakarta.inject.jakarta.inject-api_1.0.5 [44])
2026-05-18 14:51:53,869 [Worker-2: Launching ops-app (2)] INFO  o.eclipse.m2e.core.internal.Bundles - 	Entry: C:\CE\00.sw\IDE\sts-4.22.1.RELEASE\plugins\jakarta.inject.jakarta.inject-api_1.0.5.jar
2026-05-18 14:51:53,869 [Worker-2: Launching ops-app (2)] INFO  o.eclipse.m2e.core.internal.Bundles - getClasspathEntries(Bundle=jakarta.annotation-api_1.3.5 [40])
2026-05-18 14:51:53,869 [Worker-2: Launching ops-app (2)] INFO  o.eclipse.m2e.core.internal.Bundles - 	Entry: C:\CE\00.sw\IDE\sts-4.22.1.RELEASE\plugins\jakarta.annotation-api_1.3.5.jar
2026-05-18 14:51:53,871 [Worker-2: Launching ops-app (2)] INFO  o.eclipse.m2e.core.internal.Bundles - getClasspathEntries(Bundle=org.apache.commons.cli_1.6.0 [75])
2026-05-18 14:51:53,871 [Worker-2: Launching ops-app (2)] INFO  o.eclipse.m2e.core.internal.Bundles - 	Entry: C:\CE\00.sw\IDE\sts-4.22.1.RELEASE\plugins\org.apache.commons.cli_1.6.0.jar
2026-05-18 14:51:53,871 [Worker-2: Launching ops-app (2)] INFO  o.eclipse.m2e.core.internal.Bundles - getClasspathEntries(Bundle=org.apache.commons.commons-codec_1.16.0 [77])
2026-05-18 14:51:53,871 [Worker-2: Launching ops-app (2)] INFO  o.eclipse.m2e.core.internal.Bundles - 	Entry: C:\CE\00.sw\IDE\sts-4.22.1.RELEASE\plugins\org.apache.commons.commons-codec_1.16.0.jar
2026-05-18 14:51:53,871 [Worker-2: Launching ops-app (2)] INFO  o.eclipse.m2e.core.internal.Bundles - getClasspathEntries(Bundle=org.apache.commons.lang3_3.14.0 [81])
2026-05-18 14:51:53,871 [Worker-2: Launching ops-app (2)] INFO  o.eclipse.m2e.core.internal.Bundles - 	Entry: C:\CE\00.sw\IDE\sts-4.22.1.RELEASE\plugins\org.apache.commons.lang3_3.14.0.jar
2026-05-18 14:51:53,871 [Worker-2: Launching ops-app (2)] INFO  o.eclipse.m2e.core.internal.Bundles - getClasspathEntries(Bundle=com.google.guava.failureaccess_1.0.2 [29])
2026-05-18 14:51:53,871 [Worker-2: Launching ops-app (2)] INFO  o.eclipse.m2e.core.internal.Bundles - 	Entry: C:\CE\00.sw\IDE\sts-4.22.1.RELEASE\plugins\com.google.guava.failureaccess_1.0.2.jar
2026-05-18 14:51:53,873 [Worker-2: Launching ops-app (2)] INFO  o.e.m.i.launch.MavenLaunchDelegate - Run build in "C:\CE\99.practice\argocd-lab\gitops-app\ops-app":
2026-05-18 14:51:53,873 [Worker-2: Launching ops-app (2)] INFO  o.e.m.i.launch.MavenLaunchDelegate -  mvn  -Ppom.xml -B -Dstyle.color=always clean package
2026-05-18 14:52:34,847 [Worker-27: Building] INFO  o.a.m.s.f.DefaultMavenResourcesFiltering - Copying 1 resource from src\main\resources to target\classes
2026-05-18 14:52:34,850 [Worker-27: Building] INFO  o.a.m.s.f.DefaultMavenResourcesFiltering - Copying 0 resource from src\main\resources to target\classes
2026-05-18 14:52:34,855 [Worker-27: Building] INFO  o.a.m.s.f.DefaultMavenResourcesFiltering - skip non existing resourceDirectory C:\CE\99.practice\argocd-lab\gitops-app\ops-app\src\test\resources
2026-05-18 15:17:23,792 [Worker-38: Building] INFO  o.a.m.s.f.DefaultMavenResourcesFiltering - Copying 0 resource from src\main\resources to target\classes
2026-05-18 15:17:23,795 [Worker-38: Building] INFO  o.a.m.s.f.DefaultMavenResourcesFiltering - Copying 0 resource from src\main\resources to target\classes
2026-05-18 15:17:23,797 [Worker-38: Building] INFO  o.a.m.s.f.DefaultMavenResourcesFiltering - skip non existing resourceDirectory C:\CE\99.practice\argocd-lab\gitops-app\ops-app\src\test\resources
